#-----------------------------------------------------------
# Vivado v2025.1 (64-bit)
# SW Build 6140274 on Thu May 22 00:12:29 MDT 2025
# IP Build 6138677 on Thu May 22 03:10:11 MDT 2025
# SharedData Build 6139179 on Tue May 20 17:58:58 MDT 2025
# Start of session at: Sun Jan  4 10:15:36 2026
# Process ID         : 7792
# Current directory  : C:/Users/sachi/Vivado/Practice/alu_4bit/alu_4bit.runs/synth_1
# Command line       : vivado.exe -log tb_alu_4bit.vds -product Vivado -mode batch -messageDb vivado.pb -notrace -source tb_alu_4bit.tcl
# Log file           : C:/Users/sachi/Vivado/Practice/alu_4bit/alu_4bit.runs/synth_1/tb_alu_4bit.vds
# Journal file       : C:/Users/sachi/Vivado/Practice/alu_4bit/alu_4bit.runs/synth_1\vivado.jou
# Running On         : MSI
# Platform           : Windows Server 2016 or Windows 10
# Operating System   : 26220
# Processor Detail   : Intel(R) Core(TM) i7-9750H CPU @ 2.60GHz
# CPU Frequency      : 2592 MHz
# CPU Physical cores : 6
# CPU Logical cores  : 12
# Host memory        : 8425 MB
# Swap memory        : 16106 MB
# Total Virtual      : 24531 MB
# Available Virtual  : 12133 MB
#-----------------------------------------------------------
source tb_alu_4bit.tcl -notrace
